// Jest Snapshot v1, https://goo.gl/fbAQLP

exports[`<UseInputsExample /> matches snapshot 1`] = `
<div>
  <input
    name="nickname"
    placeholder="nickname"
    value=""
  />
  <input
    name="email"
    placeholder="email"
    value=""
  />
  <button>
    Reset
  </button>
</div>
`;
